error: unexpected token
 --> $DIR/element-fail.rs:4:18
  |
4 |     template! { p.my-class#id };
  |                  ^

error: expected `=`
 --> $DIR/element-fail.rs:6:23
  |
6 |     template! { button(disabled) };
  |                       ^^^^^^^^^^

error: expected `=`
 --> $DIR/element-fail.rs:7:23
  |
7 |     template! { button(on:click) };
  |                       ^^^^^^^^^^

error: unknown directive `unknown`
 --> $DIR/element-fail.rs:8:24
  |
8 |     template! { button(unknown:directive="123") };
  |                        ^^^^^^^

error: expected `=`
  --> $DIR/element-fail.rs:10:25
   |
10 |     template! { button(a.b.c="123") };
   |                         ^
